[2026-05-10T19:38:11.182015300] Order 1 | Customer: Linnea | Bike: Brand Model BIKE123 | Problem: Broken brake | State: CREATED | Diagnostics: [Brake worn out] | Total cost: 0 SEK
[2026-05-10T19:38:11.192248900] Order 1 | Customer: Linnea | Bike: Brand Model BIKE123 | Problem: Broken brake | State: CREATED | Diagnostics: [Brake worn out] | Tasks: [Replace brake: Fix brake (500 SEK)] | Total cost: 500 SEK
[2026-05-10T19:38:11.193851200] Order 1 | Customer: Linnea | Bike: Brand Model BIKE123 | Problem: Broken brake | State: ACCEPTED | Diagnostics: [Brake worn out] | Tasks: [Replace brake: Fix brake (500 SEK)] | Total cost: 500 SEK
[2026-05-10T19:38:11.203545900] Order 2 | Customer: Linnea | Bike: Brand Model BIKE456 | Problem: Flat tire | State: CREATED | Tasks: [Replace tire: New rear tire (300 SEK)] | Total cost: 300 SEK
[2026-05-10T19:38:11.204544600] Order 2 | Customer: Linnea | Bike: Brand Model BIKE456 | Problem: Flat tire | State: ACCEPTED | Tasks: [Replace tire: New rear tire (300 SEK)] | Total cost: 270 SEK
[2026-05-11T21:03:17.793571100] Order 1 | Customer: Linnea | Bike: Brand Model BIKE123 | Problem: Broken brake | State: CREATED | Diagnostics: [Brake worn out] | Total cost: 0 SEK
[2026-05-11T21:03:17.806643] Order 1 | Customer: Linnea | Bike: Brand Model BIKE123 | Problem: Broken brake | State: CREATED | Diagnostics: [Brake worn out] | Tasks: [Replace brake: Fix brake (500 SEK)] | Total cost: 500 SEK
[2026-05-11T21:03:17.806643] Order 1 | Customer: Linnea | Bike: Brand Model BIKE123 | Problem: Broken brake | State: ACCEPTED | Diagnostics: [Brake worn out] | Tasks: [Replace brake: Fix brake (500 SEK)] | Total cost: 500 SEK
[2026-05-11T21:03:17.810569400] Order 2 | Customer: Linnea | Bike: Brand Model BIKE456 | Problem: Flat tire | State: CREATED | Tasks: [Replace tire: New rear tire (300 SEK)] | Total cost: 300 SEK
[2026-05-11T21:03:17.811569700] Order 2 | Customer: Linnea | Bike: Brand Model BIKE456 | Problem: Flat tire | State: ACCEPTED | Tasks: [Replace tire: New rear tire (300 SEK)] | Total cost: 270 SEK
[2026-05-11T21:17:59.598373500] Order 1 | Customer: Linnea | Bike: Brand Model BIKE123 | Problem: Broken brake | State: CREATED | Diagnostics: [Brake worn out] | Total cost: 0 SEK
[2026-05-11T21:17:59.610250400] Order 1 | Customer: Linnea | Bike: Brand Model BIKE123 | Problem: Broken brake | State: CREATED | Diagnostics: [Brake worn out] | Tasks: [Replace brake: Fix brake (500 SEK)] | Total cost: 500 SEK
[2026-05-11T21:17:59.610250400] Order 1 | Customer: Linnea | Bike: Brand Model BIKE123 | Problem: Broken brake | State: ACCEPTED | Diagnostics: [Brake worn out] | Tasks: [Replace brake: Fix brake (500 SEK)] | Total cost: 500 SEK
[2026-05-11T21:17:59.612910900] Order 2 | Customer: Linnea | Bike: Brand Model BIKE456 | Problem: Flat tire | State: CREATED | Tasks: [Replace tire: New rear tire (300 SEK)] | Total cost: 300 SEK
[2026-05-11T21:17:59.616240900] Order 2 | Customer: Linnea | Bike: Brand Model BIKE456 | Problem: Flat tire | State: ACCEPTED | Tasks: [Replace tire: New rear tire (300 SEK)] | Total cost: 270 SEK
[2026-05-11T21:25:06.392013300] Order 1 | Customer: Linnea | Bike: Brand Model BIKE123 | Problem: Broken brake | State: CREATED | Diagnostics: [Brake worn out] | Total cost: 0 SEK
[2026-05-11T21:25:06.398724] Order 1 | Customer: Linnea | Bike: Brand Model BIKE123 | Problem: Broken brake | State: CREATED | Diagnostics: [Brake worn out] | Tasks: [Replace brake: Fix brake (500 SEK)] | Total cost: 500 SEK
[2026-05-11T21:25:06.408371] Order 1 | Customer: Linnea | Bike: Brand Model BIKE123 | Problem: Broken brake | State: ACCEPTED | Diagnostics: [Brake worn out] | Tasks: [Replace brake: Fix brake (500 SEK)] | Total cost: 500 SEK
[2026-05-11T21:25:06.410675300] Order 2 | Customer: Linnea | Bike: Brand Model BIKE456 | Problem: Flat tire | State: CREATED | Diagnostics: [Rear tire puncture] | Total cost: 0 SEK
[2026-05-11T21:25:06.410675300] Order 2 | Customer: Linnea | Bike: Brand Model BIKE456 | Problem: Flat tire | State: CREATED | Diagnostics: [Rear tire puncture] | Tasks: [Replace tire: New rear tire (300 SEK)] | Total cost: 300 SEK
[2026-05-11T21:25:06.415504400] Order 2 | Customer: Linnea | Bike: Brand Model BIKE456 | Problem: Flat tire | State: ACCEPTED | Diagnostics: [Rear tire puncture] | Tasks: [Replace tire: New rear tire (300 SEK)] | Total cost: 270 SEK
[2026-05-11T21:25:14.539377800] Order 1 | Customer: Linnea | Bike: Brand Model BIKE123 | Problem: Broken brake | State: CREATED | Diagnostics: [Brake worn out] | Total cost: 0 SEK
[2026-05-11T21:25:14.548611100] Order 1 | Customer: Linnea | Bike: Brand Model BIKE123 | Problem: Broken brake | State: CREATED | Diagnostics: [Brake worn out] | Tasks: [Replace brake: Fix brake (500 SEK)] | Total cost: 500 SEK
[2026-05-11T21:25:14.552960100] Order 1 | Customer: Linnea | Bike: Brand Model BIKE123 | Problem: Broken brake | State: ACCEPTED | Diagnostics: [Brake worn out] | Tasks: [Replace brake: Fix brake (500 SEK)] | Total cost: 500 SEK
[2026-05-11T21:25:14.558260600] Order 2 | Customer: Linnea | Bike: Brand Model BIKE456 | Problem: Flat tire | State: CREATED | Diagnostics: [Rear tire puncture] | Total cost: 0 SEK
[2026-05-11T21:25:14.558838400] Order 2 | Customer: Linnea | Bike: Brand Model BIKE456 | Problem: Flat tire | State: CREATED | Diagnostics: [Rear tire puncture] | Tasks: [Replace tire: New rear tire (300 SEK)] | Total cost: 300 SEK
[2026-05-11T21:25:14.558838400] Order 2 | Customer: Linnea | Bike: Brand Model BIKE456 | Problem: Flat tire | State: ACCEPTED | Diagnostics: [Rear tire puncture] | Tasks: [Replace tire: New rear tire (300 SEK)] | Total cost: 270 SEK
